------Local Time
26-03-07 10:59:35.447 AM [SUCCESS] MainWindow/Status: "Settings loaded" statusLevel="SUCCESS" statusMessage="Settings loaded" op="status" code="SETTINGS_LOAD_SUCCESS" context="settings"
26-03-07 10:59:35.454 AM [INFO] WebSocketMessageReceiver/RawMessageReceived: "WebSocket receiver subscribed." action="add"
26-03-07 10:59:42.247 AM [INFO] RecentProjectService/RecordProjectSelection: "Recent project updated." path="C:\Users\SUNG\Desktop\Sung RTI Files\Sung Residence v209 (Camera Popups).apex" fileName="Sung Residence v209 (Camera Popups).apex"
26-03-07 10:59:42.842 AM [INFO] ProjectDataExtractor/Extract: "Project data loaded from cache." path="C:\Users\SUNG\Desktop\Sung RTI Files\Sung Residence v209 (Camera Popups).apex"
26-03-07 10:59:42.848 AM [INFO] AdditionalInfoCache/GetOrLoad: "Additional info cache refreshed." projectPath="C:\Users\SUNG\Desktop\Sung RTI Files\Sung Residence v209 (Camera Popups).apex"
26-03-07 10:59:42.853 AM [INFO] MainWindow/Processing:Formatting: "Formatting skipped because no log lines were available" rawCount="0" processedCount="0"
26-03-07 10:59:42.874 AM [INFO] AdditionalInfoTemplatePlanner/DetermineSchemas: "Additional info schemas determined." count="5"
26-03-07 10:59:42.874 AM [SUCCESS] MainWindow/ProjectData:Apex: "Apex parse complete" statusLevel="SUCCESS" statusMessage="Apex parse complete" op="parse_complete" path="C:\Users\SUNG\Desktop\Sung RTI Files\Sung Residence v209 (Camera Popups).apex" durationMs="609"
26-03-07 10:59:46.888 AM [INFO] AdditionalInfoService/RecordAdditionalInfo: "Additional info file recorded." path="C:\Users\SUNG\Desktop\Sung Diagnostics\2026 02 24 Additional Info - Sung v4.xlsx" fileName="2026 02 24 Additional Info - Sung v4.xlsx"
26-03-07 10:59:46.959 AM [INFO] AdditionalInfoCache/GetOrLoad: "Additional info cache refreshed." projectPath="C:\Users\SUNG\Desktop\Sung RTI Files\Sung Residence v209 (Camera Popups).apex" additionalInfoPath="C:\Users\SUNG\Desktop\Sung Diagnostics\2026 02 24 Additional Info - Sung v4.xlsx"
26-03-07 10:59:46.960 AM [SUCCESS] MainWindow/ProjectData:AdditionalInfo: "Additional info parse complete" statusLevel="SUCCESS" statusMessage="Additional info parse complete" op="parse_complete" path="C:\Users\SUNG\Desktop\Sung Diagnostics\2026 02 24 Additional Info - Sung v4.xlsx" driverCount="3"
26-03-07 10:59:46.979 AM [INFO] MainWindow/Processing:Formatting: "Formatting skipped because no log lines were available" rawCount="0" processedCount="0"
26-03-07 10:59:49.998 AM [WARN] WebSocketMessageFormatter/Format: "WebSocket echo payload parse failed." payload="Welcome to the RTI Diagnostics Websocket server!"

------Processor Time
26-03-07 10:59:50.000 AM [SUCCESS] MainWindow/Connection: "Connected to Websocket" statusLevel="SUCCESS" statusMessage="Connected to Websocket" op="connect_success" ip="10.0.0.60"
26-03-07 10:59:50.000 AM [INFO] RecentProjectService/RecordSuccessfulConnection: "Recent project connection updated." path="C:\Users\SUNG\Desktop\Sung RTI Files\Sung Residence v209 (Camera Popups).apex" ip="10.0.0.60"
26-03-07 10:59:50.000 AM [INFO] RecentIpService/RecordRecentIp: "Recent IP recorded." ip="10.0.0.60"
26-03-07 10:59:50.000 AM [INFO] MainWindow/LogLevels:LoadDriverNames: "Loading drivers..." statusLevel="INFO" statusMessage="Loading drivers..." op="load_start" ip="10.0.0.60"
26-03-07 10:59:50.999 AM [INFO] MainWindowFailureNotifier/OperationalResult: "Found project drivers." code="DRIVER_LOAD_PROJECT_SUCCESS" status="INFO" context="ip=10.0.0.60;count=45;drivers=Venstar ColorTouch,LH - Front Yard,VHDx,DSC PowerSeries,LH - Back Yard Patio Firepit,Vaux Lattis Matrix,LH - Back Yard Pool Firepit,RTI AD-64,Sonos,LH - Back Yard Pool,Lutron Upper,LH - Back Yard Sports Court,Clipsal C-Bus,Lutron Lower,Layer Switch v2.x,Denon Receiver - Theater,Jandy iAquaLink,Denon Receiver - Rec Room,LH - Rec Room,LH - Theater,IH - Theater CBUS Temp,IH - Theater CBUS Setpoint,IH - Laundry CBUS Temp,IH - Laundry CBUS Setpoint,IH - Garage CBUS Temp,IH - Garage CBUS Setpoint,IH - Rec Room CBUS Temp,IH - Rec Room CBUS Setpoint,IH - Hallway CBUS Temp,IH - Hallway CBUS Setpoint,IH - Guest Bed CBUS Temp,IH - Guest Bed CBUS Setpoint,IH - Master Bed CBUS Temp,IH - Master Bed CBUS Setpoint,Climate,Debug Counter -t4,QMotion QzHub3,LH - Office All Shades,Lutron Exterior,Jandy AquaLink RS,WattBox (Security Rack),WattBox (Main Rack),System Manager,RTIQ,Diagnostics: Primary Processor" timestampUtc="2026-03-07T10:59:50.9990000-08:00"
26-03-07 10:59:50.999 AM [INFO] MainWindow/LogLevels:DiagnosticsSelection: "Project driver inventory loaded." count="45" drivers="0:Venstar ColorTouch:DRIVER//0|1:LH - Front Yard:DRIVER//1|2:VHDx:DRIVER//2|3:DSC PowerSeries:DRIVER//3|4:LH - Back Yard Patio Firepit:DRIVER//4|5:Vaux Lattis Matrix:DRIVER//5|6:LH - Back Yard Pool Firepit:DRIVER//6|7:RTI AD-64:DRIVER//7|8:Sonos:DRIVER//8|9:LH - Back Yard Pool:DRIVER//9|10:Lutron Upper:DRIVER//10|11:LH - Back Yard Sports Court:DRIVER//11|12:Clipsal C-Bus:DRIVER//12|14:Lutron Lower:DRIVER//14|15:Layer Switch v2.x:DRIVER//15|16:Denon Receiver - Theater:DRIVER//16|17:Jandy iAquaLink:DRIVER//17|18:Denon Receiver - Rec Room:DRIVER//18|19:LH - Rec Room:DRIVER//19|20:LH - Theater:DRIVER//20|21:IH - Theater CBUS Temp:DRIVER//21|22:IH - Theater CBUS Setpoint:DRIVER//22|23:IH - Laundry CBUS Temp:DRIVER//23|24:IH - Laundry CBUS Setpoint:DRIVER//24|25:IH - Garage CBUS Temp:DRIVER//25|26:IH - Garage CBUS Setpoint:DRIVER//26|27:IH - Rec Room CBUS Temp:DRIVER//27|28:IH - Rec Room CBUS Setpoint:DRIVER//28|29:IH - Hallway CBUS Temp:DRIVER//29|30:IH - Hallway CBUS Setpoint:DRIVER//30|31:IH - Guest Bed CBUS Temp:DRIVER//31|32:IH - Guest Bed CBUS Setpoint:DRIVER//32|33:IH - Master Bed CBUS Temp:DRIVER//33|34:IH - Master Bed CBUS Setpoint:DRIVER//34|35:Climate:DRIVER//35|38:Debug Counter -t4:DRIVER//38|39:QMotion QzHub3:DRIVER//39|40:LH - Office All Shades:DRIVER//40|41:Lutron Exterior:DRIVER//41|42:Jandy AquaLink RS:DRIVER//42|43:WattBox (Security Rack):DRIVER//43|44:WattBox (Main Rack):DRIVER//44|45:System Manager:DRIVER//45|46:RTIQ:DRIVER//46|47:Diagnostics: Primary Processor:DRIVER//47"
26-03-07 10:59:50.999 AM [SUCCESS] MainWindow/LogLevels:LoadDriverNames: "Driver names loaded" statusLevel="SUCCESS" statusMessage="Driver names loaded" op="load_complete" ip="10.0.0.60" count="45" durationMs="59"
26-03-07 10:59:50.197 AM [WARN] DriverMappingService/Processing:Mapping: "Line 5 - Driver profile not found." rawText="[26-03-07 10:59:50.197 AM] Venstar ColorTouch - Garage is connected"
26-03-07 10:59:50.297 AM [WARN] DriverMappingService/Processing:Mapping: "Line 6 - Driver profile not found." rawText="[26-03-07 10:59:50.297 AM] Venstar ColorTouch - Garage is connected"
26-03-07 10:59:51.908 AM [WARN] DriverMappingService/Processing:Mapping: "Line 8 - Driver profile not found." rawText="[26-03-07 10:59:51.908 AM] Venstar ColorTouch - Rec Room is connected"
26-03-07 10:59:51.943 AM [WARN] DriverMappingService/Processing:Mapping: "Line 9 - Driver profile not found." rawText="[26-03-07 10:59:51.943 AM] Venstar ColorTouch - Rec Room is connected"
26-03-07 10:59:51.341 AM [WARN] DriverMappingService/Processing:Mapping: "Line 10 - Driver profile not found." rawText="[26-03-07 10:59:51.341 AM] Venstar ColorTouch - Theater is connected"
26-03-07 10:59:51.366 AM [WARN] DriverMappingService/Processing:Mapping: "Line 11 - Driver profile not found." rawText="[26-03-07 10:59:51.366 AM] Venstar ColorTouch - Hallway is connected"
26-03-07 10:59:51.401 AM [WARN] DriverMappingService/Processing:Mapping: "Line 12 - Driver profile not found." rawText="[26-03-07 10:59:51.401 AM] Venstar ColorTouch - Theater is connected"
26-03-07 10:59:51.406 AM [WARN] DriverMappingService/Processing:Mapping: "Line 13 - Driver profile not found." rawText="[26-03-07 10:59:51.406 AM] Venstar ColorTouch - Hallway is connected"
26-03-07 10:59:51.406 AM [WARN] MainWindow/LogLevels:Status: "Log levels baseline not received" statusLevel="WARN" statusMessage="Log levels baseline not received" op="baseline_timeout" ip="10.0.0.60" timeoutMs="3000"
26-03-07 10:59:51.406 AM [INFO] MainWindow/Connection: "Ready" statusLevel="INFO" statusMessage="Ready" op="ready" ip="10.0.0.60"
26-03-07 10:59:51.406 AM [INFO] MainWindow/Processing:Mapping: "Mapping session started" timestamp="2026-03-07T10:59:53.8292361-08:00"
26-03-07 10:59:54.848 AM [WARN] DriverMappingService/Processing:Mapping: "Line 14 - Driver profile not found." rawText="[26-03-07 10:59:54.848 AM] Venstar ColorTouch - Hobby Room is connected"
26-03-07 10:59:54.875 AM [WARN] DriverMappingService/Processing:Mapping: "Line 15 - Driver profile not found." rawText="[26-03-07 10:59:54.875 AM] Venstar ColorTouch - Hobby Room is connected"
26-03-07 10:59:56.726 AM [WARN] DriverMappingService/Processing:Mapping: "Line 16 - Driver profile not found." rawText="[26-03-07 10:59:56.726 AM] Venstar ColorTouch - Laundry Room is connected"
26-03-07 10:59:56.759 AM [WARN] DriverMappingService/Processing:Mapping: "Line 17 - Driver profile not found." rawText="[26-03-07 10:59:56.759 AM] Venstar ColorTouch - Laundry Room is connected"
26-03-07 10:59:56.525 AM [WARN] DriverMappingService/Processing:Mapping: "Line 18 - Driver profile not found." rawText="[26-03-07 10:59:56.525 AM] Venstar ColorTouch - East Bed is connected"
26-03-07 10:59:57.629 AM [WARN] DriverMappingService/Processing:Mapping: "Line 19 - Driver profile not found." rawText="[26-03-07 10:59:57.629 AM] Venstar ColorTouch - East Bed is connected"
26-03-07 10:59:58.699 AM [WARN] DriverMappingService/Processing:Mapping: "Line 20 - Driver profile not found." rawText="[26-03-07 10:59:58.699 AM] Venstar ColorTouch - Office is connected"
26-03-07 10:59:58.764 AM [WARN] DriverMappingService/Processing:Mapping: "Line 21 - Driver profile not found." rawText="[26-03-07 10:59:58.764 AM] Venstar ColorTouch - Office is connected"
26-03-07 11:00:00.587 AM [WARN] DriverMappingService/Processing:Mapping: "Line 22 - Driver profile not found." rawText="[26-03-07 11:00:00.587 AM] Venstar ColorTouch - West Bed is connected"
26-03-07 11:00:00.624 AM [WARN] DriverMappingService/Processing:Mapping: "Line 23 - Driver profile not found." rawText="[26-03-07 11:00:00.624 AM] Venstar ColorTouch - West Bed is connected"
26-03-07 11:00:00.781 AM [WARN] DriverMappingService/Processing:Mapping: "Line 24 - Driver profile not found." rawText="[26-03-07 11:00:00.781 AM] Venstar ColorTouch - Guest Room is connected"
26-03-07 11:00:00.835 AM [WARN] DriverMappingService/Processing:Mapping: "Line 25 - Driver profile not found." rawText="[26-03-07 11:00:00.835 AM] Venstar ColorTouch - Guest Room is connected"
26-03-07 11:00:00.949 AM [WARN] DriverMappingService/Processing:Mapping: "Line 26 - Driver profile not found." rawText="[26-03-07 11:00:00.949 AM] Venstar ColorTouch - Master Bed is connected"
26-03-07 11:00:00.978 AM [WARN] DriverMappingService/Processing:Mapping: "Line 27 - Driver profile not found." rawText="[26-03-07 11:00:00.978 AM] Venstar ColorTouch - Master Bed is connected"
26-03-07 11:00:03.500 AM [WARN] DriverMappingService/Processing:Mapping: "Line 29 - Driver profile not found." rawText="[26-03-07 11:00:03.500 AM] Venstar ColorTouch - Master Bath is connected"
26-03-07 11:00:03.330 AM [WARN] DriverMappingService/Processing:Mapping: "Line 30 - Driver profile not found." rawText="[26-03-07 11:00:03.330 AM] Venstar ColorTouch - Master Bath is connected"
26-03-07 11:00:05.308 AM [WARN] DriverMappingService/Processing:Mapping: "Line 31 - Driver profile not found." rawText="[26-03-07 11:00:05.308 AM] Venstar ColorTouch - Garage is connected"
26-03-07 11:00:05.366 AM [WARN] DriverMappingService/Processing:Mapping: "Line 32 - Driver profile not found." rawText="[26-03-07 11:00:05.366 AM] Venstar ColorTouch - Garage is connected"
26-03-07 11:00:06.341 AM [WARN] DriverMappingService/Processing:Mapping: "Line 33 - Driver profile not found." rawText="[26-03-07 11:00:06.341 AM] Venstar ColorTouch - Rec Room is connected"
26-03-07 11:00:06.367 AM [WARN] DriverMappingService/Processing:Mapping: "Line 34 - Driver profile not found." rawText="[26-03-07 11:00:06.367 AM] Venstar ColorTouch - Rec Room is connected"
26-03-07 11:00:06.422 AM [WARN] DriverMappingService/Processing:Mapping: "Line 35 - Driver profile not found." rawText="[26-03-07 11:00:06.422 AM] Venstar ColorTouch - Hallway is connected"
26-03-07 11:00:06.429 AM [WARN] DriverMappingService/Processing:Mapping: "Line 36 - Driver profile not found." rawText="[26-03-07 11:00:06.429 AM] Venstar ColorTouch - Theater is connected"
26-03-07 11:00:06.473 AM [WARN] DriverMappingService/Processing:Mapping: "Line 37 - Driver profile not found." rawText="[26-03-07 11:00:06.473 AM] Venstar ColorTouch - Theater is connected"
26-03-07 11:00:06.478 AM [WARN] DriverMappingService/Processing:Mapping: "Line 38 - Driver profile not found." rawText="[26-03-07 11:00:06.478 AM] Venstar ColorTouch - Hallway is connected"
26-03-07 11:00:09.887 AM [WARN] DriverMappingService/Processing:Mapping: "Line 39 - Driver profile not found." rawText="[26-03-07 11:00:09.887 AM] Venstar ColorTouch - Hobby Room is connected"
26-03-07 11:00:09.915 AM [WARN] DriverMappingService/Processing:Mapping: "Line 40 - Driver profile not found." rawText="[26-03-07 11:00:09.915 AM] Venstar ColorTouch - Hobby Room is connected"
26-03-07 11:00:11.770 AM [WARN] DriverMappingService/Processing:Mapping: "Line 42 - Driver profile not found." rawText="[26-03-07 11:00:11.770 AM] Venstar ColorTouch - Laundry Room is connected"
26-03-07 11:00:11.810 AM [WARN] DriverMappingService/Processing:Mapping: "Line 43 - Driver profile not found." rawText="[26-03-07 11:00:11.810 AM] Venstar ColorTouch - Laundry Room is connected"
26-03-07 11:00:12.650 AM [WARN] DriverMappingService/Processing:Mapping: "Line 44 - Driver profile not found." rawText="[26-03-07 11:00:12.650 AM] Venstar ColorTouch - East Bed is connected"
26-03-07 11:00:12.744 AM [WARN] DriverMappingService/Processing:Mapping: "Line 45 - Driver profile not found." rawText="[26-03-07 11:00:12.744 AM] Venstar ColorTouch - East Bed is connected"
26-03-07 11:00:13.782 AM [WARN] DriverMappingService/Processing:Mapping: "Line 46 - Driver profile not found." rawText="[26-03-07 11:00:13.782 AM] Venstar ColorTouch - Office is connected"
26-03-07 11:00:13.893 AM [WARN] DriverMappingService/Processing:Mapping: "Line 47 - Driver profile not found." rawText="[26-03-07 11:00:13.893 AM] Venstar ColorTouch - Office is connected"
26-03-07 11:00:15.635 AM [WARN] DriverMappingService/Processing:Mapping: "Line 48 - Driver profile not found." rawText="[26-03-07 11:00:15.635 AM] Venstar ColorTouch - West Bed is connected"
26-03-07 11:00:15.666 AM [WARN] DriverMappingService/Processing:Mapping: "Line 49 - Driver profile not found." rawText="[26-03-07 11:00:15.666 AM] Venstar ColorTouch - West Bed is connected"
26-03-07 11:00:15.846 AM [WARN] DriverMappingService/Processing:Mapping: "Line 50 - Driver profile not found." rawText="[26-03-07 11:00:15.846 AM] Venstar ColorTouch - Guest Room is connected"
26-03-07 11:00:15.887 AM [WARN] DriverMappingService/Processing:Mapping: "Line 51 - Driver profile not found." rawText="[26-03-07 11:00:15.887 AM] Venstar ColorTouch - Guest Room is connected"
26-03-07 11:00:15.121 AM [WARN] DriverMappingService/Processing:Mapping: "Line 52 - Driver profile not found." rawText="[26-03-07 11:00:15.121 AM] Venstar ColorTouch - Master Bed is connected"
26-03-07 11:00:15.223 AM [WARN] DriverMappingService/Processing:Mapping: "Line 53 - Driver profile not found." rawText="[26-03-07 11:00:15.223 AM] Venstar ColorTouch - Master Bed is connected"
26-03-07 11:00:18.450 AM [WARN] DriverMappingService/Processing:Mapping: "Line 54 - Driver profile not found." rawText="[26-03-07 11:00:18.450 AM] Venstar ColorTouch - Master Bath is connected"
26-03-07 11:00:18.760 AM [WARN] DriverMappingService/Processing:Mapping: "Line 55 - Driver profile not found." rawText="[26-03-07 11:00:18.760 AM] Venstar ColorTouch - Master Bath is connected"
26-03-07 11:00:20.428 AM [WARN] DriverMappingService/Processing:Mapping: "Line 57 - Driver profile not found." rawText="[26-03-07 11:00:20.428 AM] Venstar ColorTouch - Garage is connected"
26-03-07 11:00:21.596 AM [WARN] DriverMappingService/Processing:Mapping: "Line 58 - Driver profile not found." rawText="[26-03-07 11:00:21.596 AM] Venstar ColorTouch - Garage is connected"
26-03-07 11:00:21.378 AM [WARN] DriverMappingService/Processing:Mapping: "Line 59 - Driver profile not found." rawText="[26-03-07 11:00:21.378 AM] Venstar ColorTouch - Rec Room is connected"
26-03-07 11:00:21.430 AM [WARN] DriverMappingService/Processing:Mapping: "Line 60 - Driver profile not found." rawText="[26-03-07 11:00:21.430 AM] Venstar ColorTouch - Rec Room is connected"
26-03-07 11:00:21.488 AM [WARN] DriverMappingService/Processing:Mapping: "Line 61 - Driver profile not found." rawText="[26-03-07 11:00:21.488 AM] Venstar ColorTouch - Theater is connected"
26-03-07 11:00:21.492 AM [WARN] DriverMappingService/Processing:Mapping: "Line 62 - Driver profile not found." rawText="[26-03-07 11:00:21.492 AM] Venstar ColorTouch - Hallway is connected"
26-03-07 11:00:21.515 AM [WARN] DriverMappingService/Processing:Mapping: "Line 63 - Driver profile not found." rawText="[26-03-07 11:00:21.515 AM] Venstar ColorTouch - Theater is connected"
26-03-07 11:00:22.545 AM [WARN] DriverMappingService/Processing:Mapping: "Line 64 - Driver profile not found." rawText="[26-03-07 11:00:22.545 AM] Venstar ColorTouch - Hallway is connected"
26-03-07 11:00:24.926 AM [WARN] DriverMappingService/Processing:Mapping: "Line 65 - Driver profile not found." rawText="[26-03-07 11:00:24.926 AM] Venstar ColorTouch - Hobby Room is connected"
26-03-07 11:00:24.954 AM [WARN] DriverMappingService/Processing:Mapping: "Line 66 - Driver profile not found." rawText="[26-03-07 11:00:24.954 AM] Venstar ColorTouch - Hobby Room is connected"
26-03-07 11:00:26.820 AM [WARN] DriverMappingService/Processing:Mapping: "Line 67 - Driver profile not found." rawText="[26-03-07 11:00:26.820 AM] Venstar ColorTouch - Laundry Room is connected"
26-03-07 11:00:26.849 AM [WARN] DriverMappingService/Processing:Mapping: "Line 68 - Driver profile not found." rawText="[26-03-07 11:00:26.849 AM] Venstar ColorTouch - Laundry Room is connected"
26-03-07 11:00:27.765 AM [WARN] DriverMappingService/Processing:Mapping: "Line 69 - Driver profile not found." rawText="[26-03-07 11:00:27.765 AM] Venstar ColorTouch - East Bed is connected"
26-03-07 11:00:27.804 AM [WARN] DriverMappingService/Processing:Mapping: "Line 70 - Driver profile not found." rawText="[26-03-07 11:00:27.804 AM] Venstar ColorTouch - East Bed is connected"
26-03-07 11:00:28.913 AM [WARN] DriverMappingService/Processing:Mapping: "Line 71 - Driver profile not found." rawText="[26-03-07 11:00:28.913 AM] Venstar ColorTouch - Office is connected"
26-03-07 11:00:28.958 AM [WARN] DriverMappingService/Processing:Mapping: "Line 72 - Driver profile not found." rawText="[26-03-07 11:00:28.958 AM] Venstar ColorTouch - Office is connected"
26-03-07 11:00:30.676 AM [WARN] DriverMappingService/Processing:Mapping: "Line 73 - Driver profile not found." rawText="[26-03-07 11:00:30.676 AM] Venstar ColorTouch - West Bed is connected"
26-03-07 11:00:30.706 AM [WARN] DriverMappingService/Processing:Mapping: "Line 74 - Driver profile not found." rawText="[26-03-07 11:00:30.706 AM] Venstar ColorTouch - West Bed is connected"
26-03-07 11:00:30.898 AM [WARN] DriverMappingService/Processing:Mapping: "Line 75 - Driver profile not found." rawText="[26-03-07 11:00:30.898 AM] Venstar ColorTouch - Guest Room is connected"
26-03-07 11:00:30.930 AM [WARN] DriverMappingService/Processing:Mapping: "Line 76 - Driver profile not found." rawText="[26-03-07 11:00:30.930 AM] Venstar ColorTouch - Guest Room is connected"
26-03-07 11:00:30.234 AM [WARN] DriverMappingService/Processing:Mapping: "Line 78 - Driver profile not found." rawText="[26-03-07 11:00:30.234 AM] Venstar ColorTouch - Master Bed is connected"
26-03-07 11:00:30.270 AM [WARN] DriverMappingService/Processing:Mapping: "Line 79 - Driver profile not found." rawText="[26-03-07 11:00:30.270 AM] Venstar ColorTouch - Master Bed is connected"
26-03-07 11:00:33.870 AM [WARN] DriverMappingService/Processing:Mapping: "Line 80 - Driver profile not found." rawText="[26-03-07 11:00:33.870 AM] Venstar ColorTouch - Master Bath is connected"
26-03-07 11:00:33.163 AM [WARN] DriverMappingService/Processing:Mapping: "Line 81 - Driver profile not found." rawText="[26-03-07 11:00:33.163 AM] Venstar ColorTouch - Master Bath is connected"
26-03-07 11:00:36.613 AM [WARN] DriverMappingService/Processing:Mapping: "Line 82 - Driver profile not found." rawText="[26-03-07 11:00:36.613 AM] Venstar ColorTouch - Garage is connected"
26-03-07 11:00:36.746 AM [WARN] DriverMappingService/Processing:Mapping: "Line 83 - Driver profile not found." rawText="[26-03-07 11:00:36.746 AM] Venstar ColorTouch - Garage is connected"
26-03-07 11:00:36.440 AM [WARN] DriverMappingService/Processing:Mapping: "Line 84 - Driver profile not found." rawText="[26-03-07 11:00:36.440 AM] Venstar ColorTouch - Rec Room is connected"
26-03-07 11:00:36.467 AM [WARN] DriverMappingService/Processing:Mapping: "Line 85 - Driver profile not found." rawText="[26-03-07 11:00:36.467 AM] Venstar ColorTouch - Rec Room is connected"
26-03-07 11:00:36.532 AM [WARN] DriverMappingService/Processing:Mapping: "Line 86 - Driver profile not found." rawText="[26-03-07 11:00:36.532 AM] Venstar ColorTouch - Theater is connected"
26-03-07 11:00:37.569 AM [WARN] DriverMappingService/Processing:Mapping: "Line 87 - Driver profile not found." rawText="[26-03-07 11:00:37.569 AM] Venstar ColorTouch - Hallway is connected"
26-03-07 11:00:37.581 AM [WARN] DriverMappingService/Processing:Mapping: "Line 88 - Driver profile not found." rawText="[26-03-07 11:00:37.581 AM] Venstar ColorTouch - Theater is connected"
26-03-07 11:00:37.610 AM [WARN] DriverMappingService/Processing:Mapping: "Line 89 - Driver profile not found." rawText="[26-03-07 11:00:37.610 AM] Venstar ColorTouch - Hallway is connected"
26-03-07 11:00:39.964 AM [WARN] DriverMappingService/Processing:Mapping: "Line 90 - Driver profile not found." rawText="[26-03-07 11:00:39.964 AM] Venstar ColorTouch - Hobby Room is connected"
26-03-07 11:00:39.500 AM [WARN] DriverMappingService/Processing:Mapping: "Line 91 - Driver profile not found." rawText="[26-03-07 11:00:39.500 AM] Venstar ColorTouch - Hobby Room is connected"
26-03-07 11:00:41.911 AM [WARN] DriverMappingService/Processing:Mapping: "Line 93 - Driver profile not found." rawText="[26-03-07 11:00:41.911 AM] Venstar ColorTouch - Laundry Room is connected"
26-03-07 11:00:41.954 AM [WARN] DriverMappingService/Processing:Mapping: "Line 94 - Driver profile not found." rawText="[26-03-07 11:00:41.954 AM] Venstar ColorTouch - Laundry Room is connected"
26-03-07 11:00:42.815 AM [WARN] DriverMappingService/Processing:Mapping: "Line 95 - Driver profile not found." rawText="[26-03-07 11:00:42.815 AM] Venstar ColorTouch - East Bed is connected"
26-03-07 11:00:42.859 AM [WARN] DriverMappingService/Processing:Mapping: "Line 96 - Driver profile not found." rawText="[26-03-07 11:00:42.859 AM] Venstar ColorTouch - East Bed is connected"
26-03-07 11:00:43.973 AM [WARN] DriverMappingService/Processing:Mapping: "Line 97 - Driver profile not found." rawText="[26-03-07 11:00:43.973 AM] Venstar ColorTouch - Office is connected"
26-03-07 11:00:43.900 AM [WARN] DriverMappingService/Processing:Mapping: "Line 98 - Driver profile not found." rawText="[26-03-07 11:00:43.900 AM] Venstar ColorTouch - Office is connected"
26-03-07 11:00:45.728 AM [WARN] DriverMappingService/Processing:Mapping: "Line 99 - Driver profile not found." rawText="[26-03-07 11:00:45.728 AM] Venstar ColorTouch - West Bed is connected"
26-03-07 11:00:45.759 AM [WARN] DriverMappingService/Processing:Mapping: "Line 100 - Driver profile not found." rawText="[26-03-07 11:00:45.759 AM] Venstar ColorTouch - West Bed is connected"
26-03-07 11:00:45.946 AM [WARN] DriverMappingService/Processing:Mapping: "Line 101 - Driver profile not found." rawText="[26-03-07 11:00:45.946 AM] Venstar ColorTouch - Guest Room is connected"
26-03-07 11:00:45.991 AM [WARN] DriverMappingService/Processing:Mapping: "Line 102 - Driver profile not found." rawText="[26-03-07 11:00:45.991 AM] Venstar ColorTouch - Guest Room is connected"
26-03-07 11:00:45.282 AM [WARN] DriverMappingService/Processing:Mapping: "Line 103 - Driver profile not found." rawText="[26-03-07 11:00:45.282 AM] Venstar ColorTouch - Master Bed is connected"
26-03-07 11:00:45.311 AM [WARN] DriverMappingService/Processing:Mapping: "Line 104 - Driver profile not found." rawText="[26-03-07 11:00:45.311 AM] Venstar ColorTouch - Master Bed is connected"
26-03-07 11:00:48.216 AM [WARN] DriverMappingService/Processing:Mapping: "Line 105 - Driver profile not found." rawText="[26-03-07 11:00:48.216 AM] Venstar ColorTouch - Master Bath is connected"
26-03-07 11:00:48.257 AM [WARN] DriverMappingService/Processing:Mapping: "Line 106 - Driver profile not found." rawText="[26-03-07 11:00:48.257 AM] Venstar ColorTouch - Master Bath is connected"
26-03-07 11:00:51.839 AM [WARN] DriverMappingService/Processing:Mapping: "Line 108 - Driver profile not found." rawText="[26-03-07 11:00:51.839 AM] Venstar ColorTouch - Garage is connected"
26-03-07 11:00:51.884 AM [WARN] DriverMappingService/Processing:Mapping: "Line 109 - Driver profile not found." rawText="[26-03-07 11:00:51.884 AM] Venstar ColorTouch - Garage is connected"
26-03-07 11:00:51.481 AM [WARN] DriverMappingService/Processing:Mapping: "Line 110 - Driver profile not found." rawText="[26-03-07 11:00:51.481 AM] Venstar ColorTouch - Rec Room is connected"
26-03-07 11:00:51.513 AM [WARN] DriverMappingService/Processing:Mapping: "Line 111 - Driver profile not found." rawText="[26-03-07 11:00:51.513 AM] Venstar ColorTouch - Rec Room is connected"
26-03-07 11:00:52.591 AM [WARN] DriverMappingService/Processing:Mapping: "Line 112 - Driver profile not found." rawText="[26-03-07 11:00:52.591 AM] Venstar ColorTouch - Theater is connected"
26-03-07 11:00:52.621 AM [WARN] DriverMappingService/Processing:Mapping: "Line 113 - Driver profile not found." rawText="[26-03-07 11:00:52.621 AM] Venstar ColorTouch - Theater is connected"
26-03-07 11:00:52.625 AM [WARN] DriverMappingService/Processing:Mapping: "Line 114 - Driver profile not found." rawText="[26-03-07 11:00:52.625 AM] Venstar ColorTouch - Hallway is connected"
26-03-07 11:00:52.696 AM [WARN] DriverMappingService/Processing:Mapping: "Line 115 - Driver profile not found." rawText="[26-03-07 11:00:52.696 AM] Venstar ColorTouch - Hallway is connected"
26-03-07 11:00:54.170 AM [WARN] DriverMappingService/Processing:Mapping: "Line 116 - Driver profile not found." rawText="[26-03-07 11:00:54.170 AM] Venstar ColorTouch - Hobby Room is connected"
26-03-07 11:00:54.480 AM [WARN] DriverMappingService/Processing:Mapping: "Line 117 - Driver profile not found." rawText="[26-03-07 11:00:54.480 AM] Venstar ColorTouch - Hobby Room is connected"
26-03-07 11:00:56.964 AM [WARN] DriverMappingService/Processing:Mapping: "Line 118 - Driver profile not found." rawText="[26-03-07 11:00:56.964 AM] Venstar ColorTouch - Laundry Room is connected"
26-03-07 11:00:56.995 AM [WARN] DriverMappingService/Processing:Mapping: "Line 119 - Driver profile not found." rawText="[26-03-07 11:00:56.995 AM] Venstar ColorTouch - Laundry Room is connected"
26-03-07 11:00:57.870 AM [WARN] DriverMappingService/Processing:Mapping: "Line 120 - Driver profile not found." rawText="[26-03-07 11:00:57.870 AM] Venstar ColorTouch - East Bed is connected"
26-03-07 11:00:57.908 AM [WARN] DriverMappingService/Processing:Mapping: "Line 121 - Driver profile not found." rawText="[26-03-07 11:00:57.908 AM] Venstar ColorTouch - East Bed is connected"
26-03-07 11:00:58.600 AM [WARN] DriverMappingService/Processing:Mapping: "Line 122 - Driver profile not found." rawText="[26-03-07 11:00:58.600 AM] Venstar ColorTouch - Office is connected"
26-03-07 11:00:58.104 AM [WARN] DriverMappingService/Processing:Mapping: "Line 123 - Driver profile not found." rawText="[26-03-07 11:00:58.104 AM] Venstar ColorTouch - Office is connected"
26-03-07 11:01:00.776 AM [WARN] DriverMappingService/Processing:Mapping: "Line 124 - Driver profile not found." rawText="[26-03-07 11:01:00.776 AM] Venstar ColorTouch - West Bed is connected"
26-03-07 11:01:00.803 AM [WARN] DriverMappingService/Processing:Mapping: "Line 125 - Driver profile not found." rawText="[26-03-07 11:01:00.803 AM] Venstar ColorTouch - West Bed is connected"
26-03-07 11:01:00.119 AM [WARN] DriverMappingService/Processing:Mapping: "Line 127 - Driver profile not found." rawText="[26-03-07 11:01:00.119 AM] Venstar ColorTouch - Guest Room is connected"
26-03-07 11:01:00.350 AM [WARN] DriverMappingService/Processing:Mapping: "Line 128 - Driver profile not found." rawText="[26-03-07 11:01:00.350 AM] Venstar ColorTouch - Guest Room is connected"
26-03-07 11:01:00.356 AM [WARN] DriverMappingService/Processing:Mapping: "Line 129 - Driver profile not found." rawText="[26-03-07 11:01:00.356 AM] Venstar ColorTouch - Master Bed is connected"
26-03-07 11:01:00.385 AM [WARN] DriverMappingService/Processing:Mapping: "Line 130 - Driver profile not found." rawText="[26-03-07 11:01:00.385 AM] Venstar ColorTouch - Master Bed is connected"
26-03-07 11:01:03.274 AM [WARN] DriverMappingService/Processing:Mapping: "Line 131 - Driver profile not found." rawText="[26-03-07 11:01:03.274 AM] Venstar ColorTouch - Master Bath is connected"
26-03-07 11:01:03.302 AM [WARN] DriverMappingService/Processing:Mapping: "Line 132 - Driver profile not found." rawText="[26-03-07 11:01:03.302 AM] Venstar ColorTouch - Master Bath is connected"
26-03-07 11:01:06.995 AM [WARN] DriverMappingService/Processing:Mapping: "Line 133 - Driver profile not found." rawText="[26-03-07 11:01:06.995 AM] Venstar ColorTouch - Garage is connected"
26-03-07 11:01:06.580 AM [WARN] DriverMappingService/Processing:Mapping: "Line 134 - Driver profile not found." rawText="[26-03-07 11:01:06.580 AM] Venstar ColorTouch - Garage is connected"
26-03-07 11:01:06.523 AM [WARN] DriverMappingService/Processing:Mapping: "Line 135 - Driver profile not found." rawText="[26-03-07 11:01:06.523 AM] Venstar ColorTouch - Rec Room is connected"
26-03-07 11:01:07.563 AM [WARN] DriverMappingService/Processing:Mapping: "Line 136 - Driver profile not found." rawText="[26-03-07 11:01:07.563 AM] Venstar ColorTouch - Rec Room is connected"
26-03-07 11:01:07.636 AM [WARN] DriverMappingService/Processing:Mapping: "Line 137 - Driver profile not found." rawText="[26-03-07 11:01:07.636 AM] Venstar ColorTouch - Theater is connected"
26-03-07 11:01:07.834 AM [WARN] DriverMappingService/Processing:Mapping: "Line 138 - Driver profile not found." rawText="[26-03-07 11:01:07.834 AM] Venstar ColorTouch - Theater is connected"
26-03-07 11:01:07.854 AM [WARN] DriverMappingService/Processing:Mapping: "Line 139 - Driver profile not found." rawText="[26-03-07 11:01:07.854 AM] Venstar ColorTouch - Hallway is connected"
26-03-07 11:01:07.884 AM [WARN] DriverMappingService/Processing:Mapping: "Line 140 - Driver profile not found." rawText="[26-03-07 11:01:07.884 AM] Venstar ColorTouch - Hallway is connected"
26-03-07 11:01:09.580 AM [WARN] DriverMappingService/Processing:Mapping: "Line 141 - Driver profile not found." rawText="[26-03-07 11:01:09.580 AM] Venstar ColorTouch - Hobby Room is connected"
26-03-07 11:01:09.950 AM [WARN] DriverMappingService/Processing:Mapping: "Line 142 - Driver profile not found." rawText="[26-03-07 11:01:09.950 AM] Venstar ColorTouch - Hobby Room is connected"
26-03-07 11:01:11.100 AM [WARN] DriverMappingService/Processing:Mapping: "Line 144 - Driver profile not found." rawText="[26-03-07 11:01:11.100 AM] Venstar ColorTouch - Laundry Room is connected"
26-03-07 11:01:11.580 AM [WARN] DriverMappingService/Processing:Mapping: "Line 145 - Driver profile not found." rawText="[26-03-07 11:01:11.580 AM] Venstar ColorTouch - Laundry Room is connected"
26-03-07 11:01:11.580 AM [INFO] MainWindow/Status: "Saved tagged driver report: C:\Users\SUNG\Desktop\Oracle_Unhandled_Sung_Residence_v209_(Camera_Popups)_20260307_110112.json" statusLevel="INFO" statusMessage="Saved tagged driver report: C:\Users\SUNG\Desktop\Oracle_Unhandled_Sung_Residence_v209_(Camera_Popups)_20260307_110112.json" op="status"
26-03-07 11:01:12.931 AM [WARN] DriverMappingService/Processing:Mapping: "Line 146 - Driver profile not found." rawText="[26-03-07 11:01:12.931 AM] Venstar ColorTouch - East Bed is connected"
26-03-07 11:01:12.985 AM [WARN] DriverMappingService/Processing:Mapping: "Line 147 - Driver profile not found." rawText="[26-03-07 11:01:12.985 AM] Venstar ColorTouch - East Bed is connected"
26-03-07 11:01:13.129 AM [WARN] DriverMappingService/Processing:Mapping: "Line 148 - Driver profile not found." rawText="[26-03-07 11:01:13.129 AM] Venstar ColorTouch - Office is connected"
26-03-07 11:01:13.177 AM [WARN] DriverMappingService/Processing:Mapping: "Line 149 - Driver profile not found." rawText="[26-03-07 11:01:13.177 AM] Venstar ColorTouch - Office is connected"
